// Jest Snapshot v1, https://goo.gl/fbAQLP

exports[`Header renders properly 1`] = `
<div class="wrap-header">
  <header>
    <h1>Figma Extractor</h1>
  </header>
</div>
`;
