// Jest Snapshot v1, https://goo.gl/fbAQLP

exports[`Footer renders properly 1`] = `
<div class="wrap-footer">
  <footer>
    <p>Â© 2020 Randell Quitain</p>
  </footer>
</div>
`;
